computing seed-averaged gs-widened PF track for all wells...
  200/773  98s
  400/773  196s
  600/773  293s
done: 773 377s total

=== full-set sweep: best-combo + gs-widened-PF blend ===
baseline: 8.584454673384627
  gs_blend_weight=0.00  pooled=8.5845
  gs_blend_weight=0.05  pooled=8.6401
  gs_blend_weight=0.10  pooled=8.7186
  gs_blend_weight=0.15  pooled=8.8193
  gs_blend_weight=0.20  pooled=8.9416
  gs_blend_weight=0.30  pooled=9.2471
  gs_blend_weight=0.40  pooled=9.6273
  gs_blend_weight=0.50  pooled=10.0736

=== 5-fold cross-fit ===
fold 0: baseline=8.2251  gs_weight=0.00  with_gs=8.2251  gain=+0.0000
fold 1: baseline=11.2705  gs_weight=0.00  with_gs=11.2705  gain=+0.0000
fold 2: baseline=7.1813  gs_weight=0.00  with_gs=7.1813  gain=+0.0000
fold 3: baseline=7.3626  gs_weight=0.00  with_gs=7.3626  gain=+0.0000
fold 4: baseline=8.1747  gs_weight=0.00  with_gs=8.1747  gain=+0.0000
mean gain: 0.0 positive in 0 /5 folds
